d:\downloads\semester 6\parallel and distributed computing\project\osm-routing\build\osm_routing.dir\debug\vc145.pdb
d:\downloads\semester 6\parallel and distributed computing\project\osm-routing\build\osm_routing.dir\debug\graph.obj
d:\downloads\semester 6\parallel and distributed computing\project\osm-routing\build\osm_routing.dir\debug\dijkstra.obj
d:\downloads\semester 6\parallel and distributed computing\project\osm-routing\build\osm_routing.dir\debug\osm_parser.obj
d:\downloads\semester 6\parallel and distributed computing\project\osm-routing\build\osm_routing.dir\debug\main.obj
d:\downloads\semester 6\parallel and distributed computing\project\osm-routing\build\cmakefiles\generate.stamp
d:\downloads\semester 6\parallel and distributed computing\project\osm-routing\build\debug\osm_routing.exe
d:\downloads\semester 6\parallel and distributed computing\project\osm-routing\build\debug\osm_routing.pdb
d:\downloads\semester 6\parallel and distributed computing\project\osm-routing\build\osm_routing.dir\debug\osm_routing.ilk
d:\downloads\semester 6\parallel and distributed computing\project\osm-routing\build\osm_routing.dir\debug\osm_routing.tlog\cl.command.1.tlog
d:\downloads\semester 6\parallel and distributed computing\project\osm-routing\build\osm_routing.dir\debug\osm_routing.tlog\cl.items.tlog
d:\downloads\semester 6\parallel and distributed computing\project\osm-routing\build\osm_routing.dir\debug\osm_routing.tlog\cl.read.1.tlog
d:\downloads\semester 6\parallel and distributed computing\project\osm-routing\build\osm_routing.dir\debug\osm_routing.tlog\cl.write.1.tlog
d:\downloads\semester 6\parallel and distributed computing\project\osm-routing\build\osm_routing.dir\debug\osm_routing.tlog\custombuild.command.1.tlog
d:\downloads\semester 6\parallel and distributed computing\project\osm-routing\build\osm_routing.dir\debug\osm_routing.tlog\custombuild.read.1.tlog
d:\downloads\semester 6\parallel and distributed computing\project\osm-routing\build\osm_routing.dir\debug\osm_routing.tlog\custombuild.write.1.tlog
d:\downloads\semester 6\parallel and distributed computing\project\osm-routing\build\osm_routing.dir\debug\osm_routing.tlog\link.command.1.tlog
d:\downloads\semester 6\parallel and distributed computing\project\osm-routing\build\osm_routing.dir\debug\osm_routing.tlog\link.read.1.tlog
d:\downloads\semester 6\parallel and distributed computing\project\osm-routing\build\osm_routing.dir\debug\osm_routing.tlog\link.secondary.1.tlog
d:\downloads\semester 6\parallel and distributed computing\project\osm-routing\build\osm_routing.dir\debug\osm_routing.tlog\link.write.1.tlog
